[djkeating.com/index.html]
[backblue.gif]
[fade.gif]
[index.html]
[use.typekit.net/wzt6ncf.css]
[djkeating.com/wp-includes/css/dist/block-library/style.min5fba.css]
[djkeating.com/wp-content/themes/push10-keating/assets/dist/snazzyb3e8.css]
[djkeating.com/wp-content/themes/push10-keating/assets/dist/lightboxb3e8.css]
[djkeating.com/wp-content/themes/push10-keating/assets/dist/main.min721d.css]
[djkeating.com/wp-includes/js/jquery/jqueryb8ff.js]
[djkeating.com/sample-page/feed/index.html]
[djkeating.com/wp-includes/js/jquery/jquery-migrate.min330a.js]
[djkeating.com/wp-json/oembed/1.0/embedc821.json]
[djkeating.com/wp-json/index.html]
[djkeating.com/wp-json/oembed/1.0/embed7676]
[djkeating.com/wp-content/themes/push10-keating/assets/imgs/favicon/faviconcb09.ico]
[djkeating.com/wp-content/themes/push10-keating/assets/imgs/favicon/apple-touch-icon-152x152cb09.png]
[djkeating.com/wp-content/themes/push10-keating/assets/imgs/favicon/apple-touch-icon-144x144cb09.png]
[djkeating.com/wp-content/themes/push10-keating/assets/imgs/favicon/apple-touch-icon-120x120cb09.png]
[djkeating.com/wp-content/themes/push10-keating/assets/imgs/favicon/apple-touch-icon-114x114cb09.png]
[djkeating.com/wp-content/themes/push10-keating/assets/imgs/favicon/apple-touch-icon-76x76cb09.png]
[djkeating.com/wp-content/themes/push10-keating/assets/imgs/favicon/apple-touch-icon-72x72cb09.png]
[djkeating.com/wp-content/themes/push10-keating/assets/imgs/favicon/apple-touch-icon-57x57cb09.png]
[djkeating.com/wp-content/themes/push10-keating/assets/imgs/favicon/apple-touch-iconcb09.png]
[djkeating.com/wp-content/themes/push10-keating/519]
[djkeating.com/wp-content/uploads/2019/02/DJK-Liberty-Bell.jpg]
[djkeating.com/wp-content/themes/push10-keating/assets/imgs/404-page.jpg]
[djkeating.com/wp-content/login-logo.png]
[djkeating.com/wp-content/themes/push10-keating/assets/imgs/logo.svg]
[djkeating.com/wp-content/uploads/2018/10/0003-Philip-Gabriel-Photography-Keating-Inquirer-dome-12.3.19-1.jpg]
[djkeating.com/wp-content/uploads/2019/01/Merion-Mercy-Dusk-1b_675x436_acf_cropped-2.jpg]
[djkeating.com/wp-content/uploads/2019/02/Dilworth-Park_675x436_acf_cropped.jpg]
[djkeating.com/leadership/index.html]
[djkeating.com/about-us/index.html]
[djkeating.com/portfolio/index.html]
[djkeating.com/wp-content/uploads/2019/01/Lasalle-teaser-small_675x436_acf_cropped.jpg]
[djkeating.com/services/index.html]
[djkeating.com/wp-content/uploads/2019/01/DJK-Philly-airport-small_675x436_acf_cropped.jpg]
[djkeating.com/contact/index.html]
[djkeating.com/careers/index.html]
[djkeating.com/for-subcontractors/index.html]
[djkeating.com/portfolio/philadelphia-public-services-building/index.html]
[djkeating.com/wp-content/uploads/2019/01/DJK-Building-Philadelphia.jpg]
[djkeating.com/portfolio/dilworth-park/index.html]
[djkeating.com/portfolio/merion-mercy-academy-living-and-learning-center/index.html]
[djkeating.com/portfolio/lasalle-university-school-of-business/index.html]
[djkeating.com/wp-content/themes/push10-keating/assets/imgs/linkedin.svg]
[djkeating.com/portfolio/philadelphia-international-airport-terminal-f-hub-expansion/index.html]
[djkeating.com/wp-content/themes/push10-keating/assets/dist/javascript.min721d.js]
[djkeating.com/wp-includes/js/wp-embed.min5fba.js]
[djkeating.com/index.html]
[djkeating.com/xmlrpc.php]
[use.typekit.net/af/6d4bb2/00000000000000003b9acafc/27/l652f]
[use.typekit.net/af/6d4bb2/00000000000000003b9acafc/27/d652f]
[use.typekit.net/af/6d4bb2/00000000000000003b9acafc/27/a652f]
[use.typekit.net/af/6ce26b/00000000000000003b9acafd/27/le265]
[use.typekit.net/af/6ce26b/00000000000000003b9acafd/27/de265]
[use.typekit.net/af/6ce26b/00000000000000003b9acafd/27/ae265]
[use.typekit.net/af/aa5b59/00000000000000003b9acaf7/27/lfdcc]
[use.typekit.net/af/aa5b59/00000000000000003b9acaf7/27/dfdcc]
[use.typekit.net/af/aa5b59/00000000000000003b9acaf7/27/afdcc]
[use.typekit.net/af/46da36/00000000000000003b9acaf6/27/le196]
[use.typekit.net/af/46da36/00000000000000003b9acaf6/27/de196]
[use.typekit.net/af/46da36/00000000000000003b9acaf6/27/ae196]
[use.typekit.net/af/69b3c5/00000000000000003b9acb0e/27/l652f]
[use.typekit.net/af/69b3c5/00000000000000003b9acb0e/27/d652f]
[use.typekit.net/af/69b3c5/00000000000000003b9acb0e/27/a652f]
[use.typekit.net/af/d99dcd/00000000000000003b9acb0f/27/le265]
[use.typekit.net/af/d99dcd/00000000000000003b9acb0f/27/de265]
[use.typekit.net/af/d99dcd/00000000000000003b9acb0f/27/ae265]
[use.typekit.net/af/4b28f4/00000000000000003b9acb08/27/le196]
[use.typekit.net/af/4b28f4/00000000000000003b9acb08/27/de196]
[use.typekit.net/af/4b28f4/00000000000000003b9acb08/27/ae196]
[use.typekit.net/af/9832ec/00000000000000003b9acb09/27/lfdcc]
[use.typekit.net/af/9832ec/00000000000000003b9acb09/27/dfdcc]
[use.typekit.net/af/9832ec/00000000000000003b9acb09/27/afdcc]
[use.typekit.net/af/c4767b/00000000000000003b9acb20/27/l652f]
[use.typekit.net/af/c4767b/00000000000000003b9acb20/27/d652f]
[use.typekit.net/af/c4767b/00000000000000003b9acb20/27/a652f]
[use.typekit.net/af/289661/00000000000000003b9acb21/27/le265]
[use.typekit.net/af/289661/00000000000000003b9acb21/27/de265]
[use.typekit.net/af/289661/00000000000000003b9acb21/27/ae265]
[use.typekit.net/af/f2b2eb/00000000000000003b9acb1a/27/le196]
[use.typekit.net/af/f2b2eb/00000000000000003b9acb1a/27/de196]
[use.typekit.net/af/f2b2eb/00000000000000003b9acb1a/27/ae196]
[use.typekit.net/af/c830f2/00000000000000003b9acb1b/27/lfdcc]
[use.typekit.net/af/c830f2/00000000000000003b9acb1b/27/dfdcc]
[use.typekit.net/af/c830f2/00000000000000003b9acb1b/27/afdcc]
[use.typekit.net/af/ee7f3d/00000000000000003b9acb33/27/l652f]
[use.typekit.net/af/ee7f3d/00000000000000003b9acb33/27/d652f]
[use.typekit.net/af/ee7f3d/00000000000000003b9acb33/27/a652f]
[use.typekit.net/af/503f80/00000000000000003b9acb34/27/le265]
[use.typekit.net/af/503f80/00000000000000003b9acb34/27/de265]
[use.typekit.net/af/503f80/00000000000000003b9acb34/27/ae265]
[use.typekit.net/af/3f7b4d/00000000000000003b9acb2d/27/le196]
[use.typekit.net/af/3f7b4d/00000000000000003b9acb2d/27/de196]
[use.typekit.net/af/3f7b4d/00000000000000003b9acb2d/27/ae196]
[use.typekit.net/af/761912/00000000000000003b9acb2e/27/lfdcc]
[use.typekit.net/af/761912/00000000000000003b9acb2e/27/dfdcc]
[use.typekit.net/af/761912/00000000000000003b9acb2e/27/afdcc]
[use.typekit.net/af/be1794/00000000000000003b9acb45/27/l652f]
[use.typekit.net/af/be1794/00000000000000003b9acb45/27/d652f]
[use.typekit.net/af/be1794/00000000000000003b9acb45/27/a652f]
[use.typekit.net/af/72fcf6/00000000000000003b9acb46/27/le265]
[use.typekit.net/af/72fcf6/00000000000000003b9acb46/27/de265]
[use.typekit.net/af/72fcf6/00000000000000003b9acb46/27/ae265]
[use.typekit.net/af/e3a744/00000000000000003b9acb3f/27/le196]
[use.typekit.net/af/e3a744/00000000000000003b9acb3f/27/de196]
[use.typekit.net/af/e3a744/00000000000000003b9acb3f/27/ae196]
[use.typekit.net/af/a77ed7/00000000000000003b9acb40/27/lfdcc]
[use.typekit.net/af/a77ed7/00000000000000003b9acb40/27/dfdcc]
[use.typekit.net/wzt6ncf.css]
[djkeating.com/wp-includes/css/dist/block-library/style.min5fba.css]
[djkeating.com/wp-content/themes/push10-keating/assets/dist/snazzyb3e8.css]
[use.typekit.net/af/a77ed7/00000000000000003b9acb40/27/afdcc]
[djkeating.com/wp-content/themes/push10-keating/assets/images/loading.gif]
[djkeating.com/wp-content/themes/push10-keating/assets/images/prev.png]
[djkeating.com/wp-content/themes/push10-keating/assets/images/next.png]
[djkeating.com/wp-content/themes/push10-keating/assets/images/close.png]
[djkeating.com/wp-content/themes/push10-keating/assets/dist/lightboxb3e8.css]
[djkeating.com/wp-content/themes/push10-keating/assets/fonts/PlayfairDisplay-Regular.ttf]
[djkeating.com/wp-content/themes/push10-keating/assets/fonts/PlayfairDisplay-Bold.ttf]
[djkeating.com/wp-content/themes/push10-keating/assets/dist/fonts/slick.eot]
[djkeating.com/wp-content/themes/push10-keating/assets/dist/fonts/slickd41d.eot]
[djkeating.com/wp-content/themes/push10-keating/assets/dist/fonts/slick.woff]
[djkeating.com/wp-content/themes/push10-keating/assets/dist/fonts/slick.ttf]
[djkeating.com/wp-content/themes/push10-keating/assets/dist/fonts/slick.svg]
[djkeating.com/wp-content/themes/push10-keating/assets/imgs/link-arrow.svg]
[djkeating.com/wp-content/themes/push10-keating/assets/imgs/scroll-arrow.svg]
[djkeating.com/wp-content/themes/push10-keating/assets/imgs/filter-arrow.svg]
[djkeating.com/wp-content/themes/push10-keating/assets/dist/main.min721d.css]
[djkeating.com/wp-includes/js/jquery/jqueryb8ff.js]
[djkeating.com/wp-includes/js/jquery/jquery-migrate.min330a.js]
[djkeating.com/wp-content/themes/push10-keating/assets/imgs/favicon/apple-touch-icon-152x152cb09.html]
[djkeating.com/wp-content/themes/push10-keating/assets/imgs/favicon/apple-touch-icon-144x144cb09.html]
[djkeating.com/wp-content/themes/push10-keating/assets/imgs/favicon/apple-touch-icon-120x120cb09.html]
[djkeating.com/wp-content/themes/push10-keating/assets/imgs/favicon/apple-touch-icon-114x114cb09.html]
[djkeating.com/wp-content/themes/push10-keating/assets/imgs/favicon/apple-touch-icon-76x76cb09.html]
[djkeating.com/wp-content/themes/push10-keating/assets/imgs/favicon/apple-touch-icon-72x72cb09.html]
[djkeating.com/wp-content/themes/push10-keating/assets/imgs/favicon/apple-touch-icon-57x57cb09.html]
[djkeating.com/wp-content/themes/push10-keating/519.html]
[djkeating.com/wp-content/themes/push10-keating/assets/imgs/logo.svg]
[djkeating.com/wp-json/oembed/1.0/embedb59c.json]
[djkeating.com/wp-json/oembed/1.0/embedeb8f]
[djkeating.com/wp-content/themes/push10-keating/assets/imgs/favicon/faviconb5da.ico]
[djkeating.com/wp-content/themes/push10-keating/assets/imgs/favicon/apple-touch-icon-152x152b5da.png]
[djkeating.com/wp-content/themes/push10-keating/assets/imgs/favicon/apple-touch-icon-144x144b5da.png]
[djkeating.com/wp-content/themes/push10-keating/assets/imgs/favicon/apple-touch-icon-120x120b5da.png]
[djkeating.com/wp-content/themes/push10-keating/assets/imgs/favicon/apple-touch-icon-114x114b5da.png]
[djkeating.com/wp-content/themes/push10-keating/assets/imgs/favicon/apple-touch-icon-76x76b5da.png]
[djkeating.com/wp-content/themes/push10-keating/assets/imgs/favicon/apple-touch-icon-72x72b5da.png]
[djkeating.com/wp-content/themes/push10-keating/assets/imgs/favicon/apple-touch-icon-57x57b5da.png]
[djkeating.com/wp-content/themes/push10-keating/assets/imgs/favicon/apple-touch-iconb5da.png]
[djkeating.com/wp-content/uploads/2019/04/DJK-About-Us-2.jpg]
[djkeating.com/wp-content/uploads/2019/01/DJK-Philadelphia-Safety.jpg]
[djkeating.com/wp-content/uploads/2019/01/DJK-About-Us-Sustainability.jpg]
[djkeating.com/wp-content/uploads/2019/04/Sustainability.jpg]
[djkeating.com/wp-content/uploads/2019/01/DJK-Philadelphia-Community.jpg]
[djkeating.com/community-recognition/index.html]
[djkeating.com/wp-content/uploads/2019/01/DJK-Philadelphia-Giving-Back.jpg]
[djkeating.com/about-us/index.html]
[djkeating.com/wp-json/oembed/1.0/embed1dc4.json]
[djkeating.com/wp-json/oembed/1.0/embed20d7]
[djkeating.com/wp-content/themes/push10-keating/assets/imgs/favicon/favicon8997.ico]
[djkeating.com/wp-content/themes/push10-keating/assets/imgs/favicon/apple-touch-icon-152x1528997.png]
[djkeating.com/wp-content/themes/push10-keating/assets/imgs/favicon/apple-touch-icon-144x1448997.png]
[djkeating.com/wp-content/themes/push10-keating/assets/imgs/favicon/apple-touch-icon-120x1208997.png]
[djkeating.com/wp-content/themes/push10-keating/assets/imgs/favicon/apple-touch-icon-114x1148997.png]
[djkeating.com/wp-content/themes/push10-keating/assets/imgs/favicon/apple-touch-icon-76x768997.png]
[djkeating.com/wp-content/themes/push10-keating/assets/imgs/favicon/apple-touch-icon-72x728997.png]
[djkeating.com/wp-content/themes/push10-keating/assets/imgs/favicon/apple-touch-icon-57x578997.png]
[djkeating.com/wp-content/themes/push10-keating/assets/imgs/favicon/apple-touch-icon8997.png]
[djkeating.com/wp-content/uploads/2019/03/djk-gradient.jpg]
[djkeating.com/wp-content/uploads/2019/01/Keating-Headshot-8.jpg]
[djkeating.com/leadership/pierce-j-keating/index.html]
[djkeating.com/leadership/pierce-keating-jr/index.html]
[djkeating.com/wp-content/uploads/2022/01/Pierce-Jr-Square.jpg]
[djkeating.com/wp-content/uploads/2019/01/Keating-Headshot-11.jpg]
[djkeating.com/wp-content/uploads/2019/01/Keating-Headshot-2.jpg]
[djkeating.com/leadership/175-2/index.html]
[djkeating.com/wp-content/uploads/2019/01/Keating-Headshot-4.jpg]
[djkeating.com/wp-content/uploads/2021/10/A78I6892_433x450_acf_cropped.jpg]
[djkeating.com/wp-content/uploads/2019/01/Keating-Headshot-3.jpg]
[djkeating.com/leadership/thomas-broadhurst/index.html]
[djkeating.com/leadership/michael-messina/index.html]
[djkeating.com/wp-content/uploads/2019/01/Keating-Headshot-9.jpg]
[djkeating.com/leadership/robert-risnychok/index.html]
[djkeating.com/leadership/william-farrell/index.html]
[djkeating.com/wp-content/uploads/2019/01/Keating-Headshot-7.jpg]
[djkeating.com/leadership/index.html]
[djkeating.com/leadership/anthony-bell/index.html]
[djkeating.com/leadership/craig-hunt/index.html]
[djkeating.com/wp-json/oembed/1.0/embed9b48.json]
[djkeating.com/wp-json/oembed/1.0/embedc407]
[djkeating.com/wp-content/themes/push10-keating/assets/imgs/favicon/favicon258f.ico]
[djkeating.com/wp-content/themes/push10-keating/assets/imgs/favicon/apple-touch-icon-152x152258f.png]
[djkeating.com/wp-content/themes/push10-keating/assets/imgs/favicon/apple-touch-icon-144x144258f.png]
[djkeating.com/wp-content/themes/push10-keating/assets/imgs/favicon/apple-touch-icon-120x120258f.png]
[djkeating.com/wp-content/themes/push10-keating/assets/imgs/favicon/apple-touch-icon-114x114258f.png]
[djkeating.com/wp-content/themes/push10-keating/assets/imgs/favicon/apple-touch-icon-76x76258f.png]
[djkeating.com/wp-content/themes/push10-keating/assets/imgs/favicon/apple-touch-icon-72x72258f.png]
[djkeating.com/wp-content/themes/push10-keating/assets/imgs/favicon/apple-touch-icon-57x57258f.png]
[djkeating.com/wp-content/themes/push10-keating/assets/imgs/favicon/apple-touch-icon258f.png]
[djkeating.com/wp-content/uploads/2019/02/DJK-Portfolio-Banner.jpg]
[djkeating.com/wp-content/themes/push10-keating/assets/imgs/loader.svg]
[djkeating.com/portfolio/pennsylvania-convention-center-expansion/index.html]
[djkeating.com/wp-content/uploads/2019/04/PAConventionCenter_675x436_acf_cropped.png]
[djkeating.com/wp-content/uploads/2019/04/0150979-R1-043-20_675x436_acf_cropped.jpg]
[djkeating.com/portfolio/the-liberty-bell-center/index.html]
[djkeating.com/wp-content/uploads/2018/10/0019-Philip-Gabriel-Photography-Keating-Inquirer-dome-12.3.19.jpg]
[djkeating.com/wp-content/uploads/2020/01/Constitution-Ctr-2.jpg]
[djkeating.com/portfolio/the-constitution-center/index.html]
[djkeating.com/portfolio/independence-hall-tower-restoration/index.html]
[djkeating.com/wp-content/uploads/2019/03/Independence-Hall-Small.jpg]
[djkeating.com/wp-content/uploads/2019/12/20191015_Charles_Library_054_cropped-2.jpg]
[djkeating.com/portfolio/temple-university-charles-library/index.html]
[djkeating.com/wp-content/uploads/2019/03/The-Union-League-Small.jpg]
[djkeating.com/portfolio/the-union-league-of-philadelphia-restorations/index.html]
[djkeating.com/wp-content/uploads/2019/04/The-Rittenhouse-Hotel-1-1_675x436_acf_cropped.jpg]
[djkeating.com/portfolio/the-rittenhouse-hotel/index.html]
[djkeating.com/wp-content/uploads/2019/01/LaSalle-University-School-of-Business-large_1407x603_acf_cropped.jpg]
[djkeating.com/portfolio/index.html]
[djkeating.com/wp-json/oembed/1.0/embed42cf.json]
[djkeating.com/wp-json/oembed/1.0/embed6c79]
[djkeating.com/wp-content/themes/push10-keating/assets/imgs/favicon/favicon3ec6.ico]
[djkeating.com/wp-content/themes/push10-keating/assets/imgs/favicon/apple-touch-icon-152x1523ec6.png]
[djkeating.com/wp-content/themes/push10-keating/assets/imgs/favicon/apple-touch-icon-144x1443ec6.png]
[djkeating.com/wp-content/themes/push10-keating/assets/imgs/favicon/apple-touch-icon-120x1203ec6.png]
[djkeating.com/wp-content/themes/push10-keating/assets/imgs/favicon/apple-touch-icon-114x1143ec6.png]
[djkeating.com/wp-content/themes/push10-keating/assets/imgs/favicon/apple-touch-icon-76x763ec6.png]
[djkeating.com/wp-content/themes/push10-keating/assets/imgs/favicon/apple-touch-icon-72x723ec6.png]
[djkeating.com/wp-content/themes/push10-keating/assets/imgs/favicon/apple-touch-icon-57x573ec6.png]
[djkeating.com/wp-content/themes/push10-keating/assets/imgs/favicon/apple-touch-icon3ec6.png]
[djkeating.com/wp-content/uploads/2019/01/DJK-general-contracting.jpg]
[djkeating.com/wp-content/uploads/2019/01/DJK-construction-management.jpg]
[djkeating.com/wp-content/uploads/2019/01/DJK-Construction.jpg]
[djkeating.com/wp-content/uploads/2019/01/DJK-Management.jpg]
[djkeating.com/services/index.html]
[djkeating.com/wp-json/oembed/1.0/embed8f80.json]
[djkeating.com/wp-json/oembed/1.0/embed76d3]
[djkeating.com/wp-content/uploads/2019/02/404-page.jpg]
[djkeating.com/wp-content/plugins/gravityforms/images/spinner.gif]
[code.jquery.com/jquery-2.2.4.min.js]
[djkeating.com/wp-content/plugins/gravityforms/js/jquery.json.min8dff.js]
[djkeating.com/wp-content/plugins/gravityforms/js/gravityforms.min8dff.js]
[djkeating.com/wp-content/plugins/gravityforms/js/jquery.maskedinput.min8dff.js]
[djkeating.com/wp-content/plugins/gravityforms/js/placeholders.jquery.min8dff.js]
[djkeating.com/contact/index.html]
[djkeating.com/wp-json/oembed/1.0/embed11f3.json]
[djkeating.com/wp-json/oembed/1.0/embed066a]
[djkeating.com/wp-content/themes/push10-keating/assets/imgs/favicon/faviconfe89.ico]
[djkeating.com/wp-content/themes/push10-keating/assets/imgs/favicon/apple-touch-icon-152x152fe89.png]
[djkeating.com/wp-content/themes/push10-keating/assets/imgs/favicon/apple-touch-icon-144x144fe89.png]
[djkeating.com/wp-content/themes/push10-keating/assets/imgs/favicon/apple-touch-icon-120x120fe89.png]
[djkeating.com/wp-content/themes/push10-keating/assets/imgs/favicon/apple-touch-icon-114x114fe89.png]
[djkeating.com/wp-content/themes/push10-keating/assets/imgs/favicon/apple-touch-icon-76x76fe89.png]
[djkeating.com/wp-content/themes/push10-keating/assets/imgs/favicon/apple-touch-icon-72x72fe89.png]
[djkeating.com/wp-content/themes/push10-keating/assets/imgs/favicon/apple-touch-icon-57x57fe89.png]
[djkeating.com/wp-content/themes/push10-keating/assets/imgs/favicon/apple-touch-iconfe89.png]
[djkeating.com/wp-content/uploads/2019/01/DJK-Careers-Banner.jpg]
[djkeating.com/careers/index.html]
[djkeating.com/wp-json/oembed/1.0/embede26d.json]
[djkeating.com/wp-json/oembed/1.0/embed0299]
[djkeating.com/wp-content/themes/push10-keating/assets/imgs/favicon/faviconb750.ico]
[djkeating.com/wp-content/themes/push10-keating/assets/imgs/favicon/apple-touch-icon-152x152b750.png]
[djkeating.com/wp-content/themes/push10-keating/assets/imgs/favicon/apple-touch-icon-144x144b750.png]
[djkeating.com/wp-content/themes/push10-keating/assets/imgs/favicon/apple-touch-icon-120x120b750.png]
[djkeating.com/wp-content/themes/push10-keating/assets/imgs/favicon/apple-touch-icon-114x114b750.png]
[djkeating.com/wp-content/themes/push10-keating/assets/imgs/favicon/apple-touch-icon-76x76b750.png]
[djkeating.com/wp-content/themes/push10-keating/assets/imgs/favicon/apple-touch-icon-72x72b750.png]
[djkeating.com/wp-content/themes/push10-keating/assets/imgs/favicon/apple-touch-icon-57x57b750.png]
[djkeating.com/wp-content/themes/push10-keating/assets/imgs/favicon/apple-touch-iconb750.png]
[djkeating.com/wp-content/uploads/2019/01/IMG_0751_1800x650_acf_cropped.jpg]
[djkeating.com/wp-content/uploads/2020/05/DJKPrequalmay2020.doc]
[djkeating.com/for-subcontractors/index.html]
[djkeating.com/wp-json/oembed/1.0/embed5a3b.json]
[djkeating.com/wp-json/oembed/1.0/embedfacc]
[djkeating.com/wp-content/themes/push10-keating/assets/imgs/favicon/favicon8903.ico]
[djkeating.com/wp-content/themes/push10-keating/assets/imgs/favicon/apple-touch-icon-152x1528903.png]
[djkeating.com/wp-content/themes/push10-keating/assets/imgs/favicon/apple-touch-icon-144x1448903.png]
[djkeating.com/wp-content/themes/push10-keating/assets/imgs/favicon/apple-touch-icon-120x1208903.png]
[djkeating.com/wp-content/themes/push10-keating/assets/imgs/favicon/apple-touch-icon-114x1148903.png]
[djkeating.com/wp-content/themes/push10-keating/assets/imgs/favicon/apple-touch-icon-76x768903.png]
[djkeating.com/wp-content/themes/push10-keating/assets/imgs/favicon/apple-touch-icon-72x728903.png]
[djkeating.com/wp-content/themes/push10-keating/assets/imgs/favicon/apple-touch-icon-57x578903.png]
[djkeating.com/wp-content/themes/push10-keating/assets/imgs/favicon/apple-touch-icon8903.png]
[djkeating.com/wp-content/uploads/2018/10/400_n_broad-1-800x1024.jpg]
[djkeating.com/wp-content/uploads/2018/10/400_n_broad-1-435x319.jpg]
[djkeating.com/wp-content/uploads/2018/10/400-N-Broad-Street-D3C3F5EE-EEC3-4F1B-948F-897E68D5FB44-768x1024.jpg]
[djkeating.com/wp-content/uploads/2018/10/400-N-Broad-Street-D3C3F5EE-EEC3-4F1B-948F-897E68D5FB44-435x319.jpg]
[djkeating.com/wp-content/uploads/2018/10/0003-Philip-Gabriel-Photography-Keating-Inquirer-dome-12.3.19-1024x681.jpg]
[djkeating.com/wp-content/uploads/2018/10/0003-Philip-Gabriel-Photography-Keating-Inquirer-dome-12.3.19-435x319.jpg]
[djkeating.com/wp-content/uploads/2018/10/0024-Philip-Gabriel-Photography-Keating-Inquirer-dome-12.3.19-1024x681.jpg]
[djkeating.com/wp-content/uploads/2018/10/0024-Philip-Gabriel-Photography-Keating-Inquirer-dome-12.3.19-677x388.jpg]
[djkeating.com/wp-content/uploads/2018/10/0072-Philip-Gabriel-Photography-Keating-Inquirer-dome-12.3.19-1024x681.jpg]
[djkeating.com/wp-content/uploads/2018/10/0072-Philip-Gabriel-Photography-Keating-Inquirer-dome-12.3.19-677x388.jpg]
[djkeating.com/wp-content/uploads/2018/10/0003-Philip-Gabriel-Photography-Keating-Inquirer-dome-12.3.19-1-1024x681.jpg]
[djkeating.com/wp-content/uploads/2018/10/0003-Philip-Gabriel-Photography-Keating-Inquirer-dome-12.3.19-1-435x319.jpg]
[djkeating.com/wp-content/uploads/2018/10/0019-Philip-Gabriel-Photography-Keating-Inquirer-dome-12.3.19-1024x681.jpg]
[djkeating.com/wp-content/uploads/2018/10/0019-Philip-Gabriel-Photography-Keating-Inquirer-dome-12.3.19-435x319.jpg]
[djkeating.com/wp-content/uploads/2018/10/0028-Philip-Gabriel-Photography-Keating-Inquirer-dome-12.3.19-1024x681.jpg]
[djkeating.com/wp-content/uploads/2018/10/0028-Philip-Gabriel-Photography-Keating-Inquirer-dome-12.3.19-435x319.jpg]
[djkeating.com/wp-content/uploads/2018/10/0053-Philip-Gabriel-Photography-Keating-Inquirer-dome-12.3.19-681x1024.jpg]
[djkeating.com/wp-content/uploads/2018/10/0053-Philip-Gabriel-Photography-Keating-Inquirer-dome-12.3.19-677x388.jpg]
[djkeating.com/wp-content/uploads/2018/10/0051-Philip-Gabriel-Photography-Keating-Inquirer-dome-12.3.19-681x1024.jpg]
[djkeating.com/wp-content/uploads/2018/10/0051-Philip-Gabriel-Photography-Keating-Inquirer-dome-12.3.19-677x388.jpg]
[djkeating.com/portfolio/philadelphia-public-services-building/index.html]
[djkeating.com/wp-json/oembed/1.0/embed5772.json]
[djkeating.com/wp-json/oembed/1.0/embedc0ca]
[djkeating.com/wp-content/themes/push10-keating/assets/imgs/favicon/favicon95fc.ico]
[djkeating.com/wp-content/themes/push10-keating/assets/imgs/favicon/apple-touch-icon-152x15295fc.png]
[djkeating.com/wp-content/themes/push10-keating/assets/imgs/favicon/apple-touch-icon-144x14495fc.png]
[djkeating.com/wp-content/themes/push10-keating/assets/imgs/favicon/apple-touch-icon-120x12095fc.png]
[djkeating.com/wp-content/themes/push10-keating/assets/imgs/favicon/apple-touch-icon-114x11495fc.png]
[djkeating.com/wp-content/themes/push10-keating/assets/imgs/favicon/apple-touch-icon-76x7695fc.png]
[djkeating.com/wp-content/themes/push10-keating/assets/imgs/favicon/apple-touch-icon-72x7295fc.png]
[djkeating.com/wp-content/themes/push10-keating/assets/imgs/favicon/apple-touch-icon-57x5795fc.png]
[djkeating.com/wp-content/themes/push10-keating/assets/imgs/favicon/apple-touch-icon95fc.png]
[djkeating.com/wp-content/uploads/2019/01/Merion-Mercy-Gym-Detail-a-1024x767.jpg]
[djkeating.com/wp-content/uploads/2019/01/Merion-Mercy-Gym-Detail-a-435x319.jpg]
[djkeating.com/wp-content/uploads/2019/01/Merion-Mercy-Gym-a-1024x767.jpg]
[djkeating.com/wp-content/uploads/2019/01/Merion-Mercy-Gym-a-435x319.jpg]
[djkeating.com/wp-content/uploads/2019/01/Merion-Mercy-Exterior-Gym-1024x722.jpg]
[djkeating.com/wp-content/uploads/2019/01/Merion-Mercy-Exterior-Gym-435x319.jpg]
[djkeating.com/wp-content/uploads/2019/01/Merion-Mercy-Entry-a-1024x767.jpg]
[djkeating.com/wp-content/uploads/2019/01/Merion-Mercy-Entry-a-677x388.jpg]
[djkeating.com/wp-content/uploads/2019/01/Merion-Mercy-Dusk-2b-1024x799.jpg]
[djkeating.com/wp-content/uploads/2019/01/Merion-Mercy-Dusk-2b-677x388.jpg]
[djkeating.com/wp-content/uploads/2019/01/Merion-Mercy-Dusk-1b-1024x767.jpg]
[djkeating.com/wp-content/uploads/2019/01/Merion-Mercy-Dusk-1b-435x319.jpg]
[djkeating.com/wp-content/uploads/2019/01/Merion-Mercy-Cafe-Overall-b-1024x767.jpg]
[djkeating.com/wp-content/uploads/2019/01/Merion-Mercy-Cafe-Overall-b-435x319.jpg]
[djkeating.com/wp-content/uploads/2019/01/Merion-Mercy-Cafe-Detail-a-1024x767.jpg]
[djkeating.com/wp-content/uploads/2019/01/Merion-Mercy-Cafe-Detail-a-435x319.jpg]
[djkeating.com/wp-content/uploads/2019/01/Merion-Mercy-Breezeway-a-1024x767.jpg]
[djkeating.com/wp-content/uploads/2019/01/Merion-Mercy-Breezeway-a-677x388.jpg]
[djkeating.com/wp-content/uploads/2019/01/Merion-Mercy-Art-Room-a-1024x767.jpg]
[djkeating.com/wp-content/uploads/2019/01/Merion-Mercy-Art-Room-a-677x388.jpg]
[djkeating.com/wp-content/uploads/2019/01/Merion-Mercy-Art-Hallway-a-1024x767.jpg]
[djkeating.com/wp-content/uploads/2019/01/Merion-Mercy-Art-Hallway-a-435x319.jpg]
[djkeating.com/portfolio/merion-mercy-academy-living-and-learning-center/index.html]
[djkeating.com/index80c9.html]
[djkeating.com/wp-json/oembed/1.0/embed7481.json]
[djkeating.com/index9fa1.html]
[djkeating.com/wp-json/oembed/1.0/embedf725]
[djkeating.com/wp-content/themes/push10-keating/assets/imgs/favicon/favicon516a.ico]
[djkeating.com/wp-content/themes/push10-keating/assets/imgs/favicon/apple-touch-icon-152x152516a.png]
[djkeating.com/wp-content/themes/push10-keating/assets/imgs/favicon/apple-touch-icon-144x144516a.png]
[djkeating.com/wp-content/themes/push10-keating/assets/imgs/favicon/apple-touch-icon-120x120516a.png]
[djkeating.com/wp-content/themes/push10-keating/assets/imgs/favicon/apple-touch-icon-114x114516a.png]
[djkeating.com/wp-content/themes/push10-keating/assets/imgs/favicon/apple-touch-icon-76x76516a.png]
[djkeating.com/wp-content/themes/push10-keating/assets/imgs/favicon/apple-touch-icon-72x72516a.png]
[djkeating.com/wp-content/themes/push10-keating/assets/imgs/favicon/apple-touch-icon-57x57516a.png]
[djkeating.com/wp-content/themes/push10-keating/assets/imgs/favicon/apple-touch-icon516a.png]
[djkeating.com/wp-content/uploads/2019/01/Dilworth_Park-3-1024x640.jpg]
[djkeating.com/wp-content/uploads/2019/01/Dilworth_Park-3-435x319.jpg]
[djkeating.com/wp-content/uploads/2019/01/DilworthPark_KieranTimberlake_JamesEwing-4-3-683x1024.jpg]
[djkeating.com/wp-content/uploads/2019/01/DilworthPark_KieranTimberlake_JamesEwing-4-3-435x319.jpg]
[djkeating.com/wp-content/uploads/2019/01/DilworthPark_01.jpg]
[djkeating.com/wp-content/uploads/2019/01/DilworthPark_01-435x319.jpg]
[djkeating.com/portfolio/dilworth-park/index.html]
[djkeating.com/wp-json/oembed/1.0/embedc2a4.json]
[djkeating.com/wp-json/oembed/1.0/embedd3ed]
[djkeating.com/wp-content/themes/push10-keating/assets/imgs/favicon/favicon48c8.ico]
[djkeating.com/wp-content/themes/push10-keating/assets/imgs/favicon/apple-touch-icon-152x15248c8.png]
[djkeating.com/wp-content/themes/push10-keating/assets/imgs/favicon/apple-touch-icon-144x14448c8.png]
[djkeating.com/wp-content/themes/push10-keating/assets/imgs/favicon/apple-touch-icon-120x12048c8.png]
[djkeating.com/wp-content/themes/push10-keating/assets/imgs/favicon/apple-touch-icon-114x11448c8.png]
[djkeating.com/wp-content/themes/push10-keating/assets/imgs/favicon/apple-touch-icon-76x7648c8.png]
[djkeating.com/wp-content/themes/push10-keating/assets/imgs/favicon/apple-touch-icon-72x7248c8.png]
[djkeating.com/wp-content/themes/push10-keating/assets/imgs/favicon/apple-touch-icon-57x5748c8.png]
[djkeating.com/wp-content/themes/push10-keating/assets/imgs/favicon/apple-touch-icon48c8.png]
[djkeating.com/wp-content/uploads/2019/01/web-LaSalle-Side-1024x768.jpg]
[djkeating.com/wp-content/uploads/2019/01/web-LaSalle-Side-435x319.jpg]
[djkeating.com/wp-content/uploads/2019/01/web-LaSalle-Back-1024x768.jpg]
[djkeating.com/wp-content/uploads/2019/01/web-LaSalle-Back-435x319.jpg]
[djkeating.com/wp-content/uploads/2019/01/web-Dawn-Image-a-crop-819x1024.jpg]
[djkeating.com/wp-content/uploads/2019/01/web-Dawn-Image-a-crop-435x319.jpg]
[djkeating.com/wp-content/uploads/2019/01/LaSalle_Business_School-1024x772.jpg]
[djkeating.com/wp-content/uploads/2019/01/LaSalle_Business_School-677x388.jpg]
[djkeating.com/wp-content/uploads/2019/01/LaSalle_Business_School__2_-1024x759.jpg]
[djkeating.com/wp-content/uploads/2019/01/LaSalle_Business_School__2_-677x388.jpg]
[djkeating.com/portfolio/lasalle-university-school-of-business/index.html]
[djkeating.com/wp-json/oembed/1.0/embed23af.json]
[djkeating.com/wp-json/oembed/1.0/embed58f3]
[djkeating.com/wp-content/themes/push10-keating/assets/imgs/favicon/faviconb08b.ico]
[djkeating.com/wp-content/themes/push10-keating/assets/imgs/favicon/apple-touch-icon-152x152b08b.png]
[djkeating.com/wp-content/themes/push10-keating/assets/imgs/favicon/apple-touch-icon-144x144b08b.png]
[djkeating.com/wp-content/themes/push10-keating/assets/imgs/favicon/apple-touch-icon-120x120b08b.png]
[djkeating.com/wp-content/themes/push10-keating/assets/imgs/favicon/apple-touch-icon-114x114b08b.png]
[djkeating.com/wp-content/themes/push10-keating/assets/imgs/favicon/apple-touch-icon-76x76b08b.png]
[djkeating.com/wp-content/themes/push10-keating/assets/imgs/favicon/apple-touch-icon-72x72b08b.png]
[djkeating.com/wp-content/themes/push10-keating/assets/imgs/favicon/apple-touch-icon-57x57b08b.png]
[djkeating.com/wp-content/themes/push10-keating/assets/imgs/favicon/apple-touch-iconb08b.png]
[djkeating.com/wp-content/uploads/2019/01/Keating-Airport-Terminal-F-info-desk-1024x644.jpg]
[djkeating.com/wp-content/uploads/2019/01/Keating-Airport-Terminal-F-info-desk-435x319.jpg]
[djkeating.com/wp-content/uploads/2019/01/Keating-Airport-Terminal-F-birds-eye-view-1024x598.jpg]
[djkeating.com/wp-content/uploads/2019/01/Keating-Airport-Terminal-F-birds-eye-view-435x319.jpg]
[djkeating.com/portfolio/philadelphia-international-airport-terminal-f-hub-expansion/index.html]
[djkeating.com/wp-content/themes/push10-keating/assets/imgs/linkedin.svg]
[djkeating.com/GET]
[djkeating.com/TweenLite.js]
[djkeating.com/Version/index.html]
[djkeating.com/plugins/CSSPlugin.js]
[djkeating.com/wp-content/themes/push10-keating/assets/js/plugins/snazzy-info-window.min.js]
[djkeating.com/wp-content/themes/push10-keating/assets/dist/javascript.min721d.js]
[djkeating.com/wp-includes/js/wp-embed.min5fba.js]
[p.typekit.net/p74b6.css]
[djkeating.com/wp-content/themes/push10-keating/assets/dist/ajax-loader.html]
[djkeating.com/wp-content/themes/push10-keating/assets/dist/fonts/slick.html]
[djkeating.com/wp-content/themes/push10-keating/assets/dist/fonts/slickd41d.html]
[djkeating.com/wp-content/themes/push10-keating/assets/dist/fonts/slick-2.html]
[djkeating.com/wp-content/themes/push10-keating/assets/dist/fonts/slick-3.html]
[djkeating.com/wp-content/themes/push10-keating/assets/dist/fonts/slick-4.html]
[djkeating.com/wp-content/themes/push10-keating/assets/imgs/link-arrow.svg]
[djkeating.com/wp-content/themes/push10-keating/assets/imgs/scroll-arrow.svg]
[djkeating.com/wp-content/themes/push10-keating/assets/imgs/filter-arrow.svg]
[djkeating.com/index8e15.html]
[djkeating.com/wp-content/themes/push10-keating/assets/imgs/favicon/apple-touch-icon-152x152b5da.html]
[djkeating.com/wp-content/themes/push10-keating/assets/imgs/favicon/apple-touch-icon-144x144b5da.html]
[djkeating.com/wp-content/themes/push10-keating/assets/imgs/favicon/apple-touch-icon-120x120b5da.html]
[djkeating.com/wp-content/themes/push10-keating/assets/imgs/favicon/apple-touch-icon-114x114b5da.html]
[djkeating.com/wp-content/themes/push10-keating/assets/imgs/favicon/apple-touch-icon-76x76b5da.html]
[djkeating.com/wp-content/themes/push10-keating/assets/imgs/favicon/apple-touch-icon-72x72b5da.html]
[djkeating.com/wp-content/themes/push10-keating/assets/imgs/favicon/apple-touch-icon-57x57b5da.html]
[djkeating.com/wp-json/oembed/1.0/embed652f]
[djkeating.com/community-recognition/feed/index.html]
[djkeating.com/wp-json/oembed/1.0/embed7e63]
[djkeating.com/wp-content/themes/push10-keating/assets/imgs/favicon/favicon8fed.ico]
[djkeating.com/wp-content/themes/push10-keating/assets/imgs/favicon/apple-touch-icon-152x1528fed.png]
[djkeating.com/wp-content/themes/push10-keating/assets/imgs/favicon/apple-touch-icon-144x1448fed.png]
[djkeating.com/wp-content/themes/push10-keating/assets/imgs/favicon/apple-touch-icon-120x1208fed.png]
[djkeating.com/wp-content/themes/push10-keating/assets/imgs/favicon/apple-touch-icon-114x1148fed.png]
[djkeating.com/wp-content/themes/push10-keating/assets/imgs/favicon/apple-touch-icon-76x768fed.png]
[djkeating.com/community-recognition/index.html]
[djkeating.com/indexe8f5.html]
[djkeating.com/wp-content/themes/push10-keating/assets/imgs/favicon/apple-touch-icon-152x1528997.html]
[djkeating.com/wp-content/themes/push10-keating/assets/imgs/favicon/apple-touch-icon-144x1448997.html]
[djkeating.com/wp-content/themes/push10-keating/assets/imgs/favicon/apple-touch-icon-120x1208997.html]
[djkeating.com/wp-content/themes/push10-keating/assets/imgs/favicon/apple-touch-icon-114x1148997.html]
[djkeating.com/wp-content/themes/push10-keating/assets/imgs/favicon/apple-touch-icon-76x768997.html]
[djkeating.com/wp-content/themes/push10-keating/assets/imgs/favicon/apple-touch-icon-72x728997.html]
[djkeating.com/wp-content/themes/push10-keating/assets/imgs/favicon/apple-touch-icon-57x578997.html]
[djkeating.com/leadership/pierce-j-keating/index.html]
[djkeating.com/leadership/pierce-keating-jr/index.html]
[djkeating.com/leadership/175-2/index.html]
[djkeating.com/leadership/thomas-broadhurst/index.html]
[djkeating.com/leadership/michael-messina/index.html]
[djkeating.com/leadership/robert-risnychok/index.html]
[djkeating.com/leadership/william-farrell/index.html]
[djkeating.com/leadership/anthony-bell/index.html]
[djkeating.com/leadership/craig-hunt/index.html]
[djkeating.com/index3c55.html]
[djkeating.com/wp-content/themes/push10-keating/assets/imgs/favicon/apple-touch-icon-152x152258f.html]
[djkeating.com/wp-content/themes/push10-keating/assets/imgs/favicon/apple-touch-icon-144x144258f.html]
[djkeating.com/wp-content/themes/push10-keating/assets/imgs/favicon/apple-touch-icon-120x120258f.html]
[djkeating.com/wp-content/themes/push10-keating/assets/imgs/favicon/apple-touch-icon-114x114258f.html]
[djkeating.com/wp-content/themes/push10-keating/assets/imgs/favicon/apple-touch-icon-76x76258f.html]
[djkeating.com/wp-content/themes/push10-keating/assets/imgs/favicon/apple-touch-icon-72x72258f.html]
[djkeating.com/wp-content/themes/push10-keating/assets/imgs/favicon/apple-touch-icon-57x57258f.html]
[djkeating.com/wp-content/themes/push10-keating/assets/imgs/loader.svg]
[djkeating.com/portfolio/pennsylvania-convention-center-expansion/index.html]
[djkeating.com/portfolio/the-liberty-bell-center/index.html]
[djkeating.com/portfolio/the-constitution-center/index.html]
[djkeating.com/portfolio/independence-hall-tower-restoration/index.html]
[djkeating.com/portfolio/temple-university-charles-library/index.html]
[djkeating.com/portfolio/the-union-league-of-philadelphia-restorations/index.html]
[djkeating.com/portfolio/the-rittenhouse-hotel/index.html]
[djkeating.com/indexe539.html]
[djkeating.com/wp-content/themes/push10-keating/assets/imgs/favicon/apple-touch-icon-152x1523ec6.html]
[djkeating.com/wp-content/themes/push10-keating/assets/imgs/favicon/apple-touch-icon-144x1443ec6.html]
[djkeating.com/wp-content/themes/push10-keating/assets/imgs/favicon/apple-touch-icon-120x1203ec6.html]
[djkeating.com/wp-content/themes/push10-keating/assets/imgs/favicon/apple-touch-icon-114x1143ec6.html]
[djkeating.com/wp-content/themes/push10-keating/assets/imgs/favicon/apple-touch-icon-76x763ec6.html]
[djkeating.com/wp-content/themes/push10-keating/assets/imgs/favicon/apple-touch-icon-72x723ec6.html]
[djkeating.com/wp-content/themes/push10-keating/assets/imgs/favicon/apple-touch-icon-57x573ec6.html]
